A D/agm////
A D/algebraicNum////
A D/bareiss////
A D/benchmark////
A D/bezier////
A D/bounds////
A D/bugs////
A D/cg2009////
A D/cgal////
A D/chull////
A D/chullGraham////
A D/compare////
A D/complex////
A D/core2paper////
A D/curves////
A D/curves3d////
A D/data////
A D/delaunay////
A D/demos////
A D/determinant////
A D/elementary////
A D/fileIO////
A D/fortune////
A D/gauss-iterative////
A D/gaussian////
A D/generic////
A D/geom2d////
A D/geom3d////
A D/heron////
A D/hypergeom////
A D/ieee////
A D/intersect////
A D/interval////
A D/kahan////
A D/manydigits////
A D/mesh////
A D/nestedSqrt////
A D/orientation////
A D/pentagon////
A D/pi////
A D/poly////
A D/prover////
A D/radical////
A D/rootIsol////
A D/rounding////
A D/shortestpath////
A D/sumOfSqrts////
A D/test2////
A D/testFilter////
A D/testIO////
A D/testIdent////
A D/tests////
A D/testsuite////
A D/triangles////
A D/tutorial////
A D/users////
A D/wbigfloat////
A D/wrapper////
