OMPL version 1.3.1
Experiment NO_NAME
0 experiment properties
Running on zhou.local
Starting at 2018-01-30 20:35:11
<<<|
Properties of the state space 'SE2CompoundSpace0'
  - signature: 6 4 3 1 2 2 1 
  - dimension: 3
  - extent: 695.112
  - sanity checks for state space passed
  - probability of valid states: 0.152
  - average length of a valid motion: 27.967
  - average number of samples drawn per second: sampleUniform()=1.5625e+07 sampleUniformNear()=1.03093e+07 sampleGaussian()=5.37634e+06
Settings for the state space 'SE2CompoundSpace0'
  - state validity check resolution: 1%
  - valid segment count factor: 1
  - state space:
Compound state space 'SE2CompoundSpace0' of dimension 3 (locked) [
Real vector state space 'RealVectorSpace1' of dimension 2 with bounds: 
  - min: 0 0 
  - max: 470 510 
 of weight 1
SO2 state space 'SO2Space2'
 of weight 0.5
]
Registered projections:
  - <default>
Projection of dimension 2
Cell sizes (computed defaults): [23.5 25.5]

Declared parameters:
longest_valid_segment_fraction = 0.01
projection.cellsize.0 = 23.5
projection.cellsize.1 = 25.5
projection.cellsize_factor = 
valid_segment_count_factor = 1
Valid state sampler named uniform with parameters:
nr_attempts = 100
Planner LBKPIECE1 specs:
Multithreaded:                 No
Reports approximate solutions: No
Can optimize solutions:        No
Aware of the following parameters: border_fraction min_valid_path_fraction range
Declared parameters for planner LBKPIECE1:
border_fraction = 0.90000000000000002
min_valid_path_fraction = 0.5
range = 139.02248634055661
Start states:
Compound state [
RealVectorState [93.22 448.22]
SO2State [0]
]
Goal state, threshold = 1e-06, memory address = 0x7fe71240ffc8, state = 
Compound state [
RealVectorState [398.22 448.22]
SO2State [0]
]
Optimization Objective: Path Length @0x7fe71240ecf0
Optimization Threshold: 10000
Average state cost: 0
There are 0 solutions

Properties of benchmarked planners:
Planner BKPIECE1 specs:
Multithreaded:                 No
Reports approximate solutions: No
Can optimize solutions:        No
Aware of the following parameters: border_fraction failed_expansion_score_factor min_valid_path_fraction range
|>>>
<<<|
hw.ncpu: 8
hw.byteorder: 1234
hw.memsize: 17179869184
hw.activecpu: 8
hw.physicalcpu: 4
hw.physicalcpu_max: 4
hw.logicalcpu: 8
hw.logicalcpu_max: 8
hw.cputype: 7
hw.cpusubtype: 8
hw.cpu64bit_capable: 1
hw.cpufamily: 280134364
hw.cacheconfig: 8 2 2 8 0 0 0 0 0 0
hw.cachesize: 17179869184 32768 262144 6291456 0 0 0 0 0 0
hw.pagesize: 4096
hw.pagesize32: 4096
hw.busfrequency: 100000000
hw.busfrequency_min: 100000000
hw.busfrequency_max: 100000000
hw.cpufrequency: 2500000000
hw.cpufrequency_min: 2500000000
hw.cpufrequency_max: 2500000000
hw.cachelinesize: 64
hw.l1icachesize: 32768
hw.l1dcachesize: 32768
hw.l2cachesize: 262144
hw.l3cachesize: 6291456
hw.tbfrequency: 1000000000
hw.packages: 1
hw.optional.floatingpoint: 1
hw.optional.mmx: 1
hw.optional.sse: 1
hw.optional.sse2: 1
hw.optional.sse3: 1
hw.optional.supplementalsse3: 1
hw.optional.sse4_1: 1
hw.optional.sse4_2: 1
hw.optional.x86_64: 1
hw.optional.aes: 1
hw.optional.avx1_0: 1
hw.optional.rdrand: 1
hw.optional.f16c: 1
hw.optional.enfstrg: 1
hw.optional.fma: 1
hw.optional.avx2_0: 1
hw.optional.bmi1: 1
hw.optional.bmi2: 1
hw.optional.rtm: 0
hw.optional.hle: 0
hw.optional.adx: 1
hw.optional.mpx: 0
hw.optional.sgx: 0
hw.optional.avx512f: 0
hw.optional.avx512cd: 0
hw.optional.avx512dq: 0
hw.optional.avx512bw: 0
hw.optional.avx512vl: 0
hw.optional.avx512ifma: 0
hw.optional.avx512vbmi: 0
hw.targettype: Mac
hw.cputhreadtype: 1
|>>>
20956957 is the random seed
300 seconds per run
8000 MB per run
10 runs per planner
3.13561 seconds spent to collect the data
1 enum type
status|Unknown status|Invalid start|Invalid goal|Unrecognized goal type|Timeout|Approximate solution|Exact solution|Crash|Unknown status
1 planners
geometric_BKPIECE1
9 common properties
border_fraction = 0.90000000000000002
failed_expansion_score_factor = 0.5
longest_valid_segment_fraction = 0.01
min_valid_path_fraction = 0.5
projection.cellsize.0 = 23.5
projection.cellsize.1 = 25.5
projection.cellsize_factor = 
range = 139.02248634055661
valid_segment_count_factor = 1
22 properties for each run
approximate solution BOOLEAN
correct solution BOOLEAN
correct solution strict BOOLEAN
graph motions INTEGER
graph states INTEGER
memory REAL
simplification time REAL
simplified correct solution BOOLEAN
simplified correct solution strict BOOLEAN
simplified solution clearance REAL
simplified solution length REAL
simplified solution segments INTEGER
simplified solution smoothness REAL
solution clearance REAL
solution difference REAL
solution length REAL
solution segments INTEGER
solution smoothness REAL
solved BOOLEAN
status ENUM
time REAL
valid segment fraction REAL
10 runs
0; 1; 1; 442; 443; 9.660156; 0.011186; 1; 1; 12.555747; 1001.813524; 68; 0.033599; 9.031281; -1.000000; 2113.154380; 48; 0.144892; 1; 6; 0.069024; 0.554633; 
0; 1; 1; 2725; 2726; 10.046875; 0.013560; 1; 1; 8.860017; 1012.675717; 136; 0.125191; 8.798923; -1.000000; 3064.501671; 66; 0.316281; 1; 6; 0.426384; 0.524458; 
0; 1; 1; 2040; 2041; 11.078125; 0.013212; 1; 1; 10.184297; 1008.290964; 96; 0.115349; 9.544238; -1.000000; 2525.775120; 57; 0.252285; 1; 6; 0.318508; 0.559363; 
0; 1; 1; 5220; 5221; 11.417969; 0.012506; 1; 1; 11.897207; 1050.887147; 84; 0.093477; 7.706381; -1.000000; 3094.179294; 67; 0.295186; 1; 6; 0.859313; 0.524579; 
0; 1; 1; 474; 475; 12.367188; 0.009938; 1; 1; 13.950714; 988.462009; 36; 0.006842; 9.393820; -1.000000; 2524.343332; 52; 0.160941; 1; 6; 0.073318; 0.573407; 
0; 1; 1; 960; 961; 12.367188; 0.014086; 1; 1; 9.058911; 1041.606761; 80; 0.227019; 7.679097; -1.000000; 2357.154102; 47; 0.122847; 1; 6; 0.149511; 0.572277; 
0; 1; 1; 1164; 1165; 12.425781; 0.011757; 1; 1; 10.558709; 1009.043776; 80; 0.109509; 7.325955; -1.000000; 2220.635521; 45; 0.160979; 1; 6; 0.191383; 0.549485; 
0; 1; 1; 1762; 1763; 12.691406; 0.011442; 1; 1; 8.920861; 1032.488314; 92; 0.168085; 8.275458; -1.000000; 2387.798827; 50; 0.098222; 1; 6; 0.289686; 0.522765; 
0; 1; 1; 777; 778; 12.691406; 0.014589; 1; 1; 10.213436; 1031.804988; 68; 0.047378; 10.488331; -1.000000; 2212.445001; 43; 0.064514; 1; 6; 0.123211; 0.560000; 
0; 1; 1; 1693; 1694; 12.714844; 0.014039; 1; 1; 11.168519; 1048.997590; 84; 0.373162; 8.020493; -1.000000; 2414.123399; 47; 0.175045; 1; 6; 0.269057; 0.536329; 
.
