OMPL version 1.3.2
Experiment NO_NAME
0 experiment properties
Running on zaPray-P15xEMx
Starting at 2018-01-31 18:33:20
<<<|
Properties of the state space 'SE2CompoundSpace0'
  - signature: 6 4 3 1 2 2 1 
  - dimension: 3
  - extent: 725.648
  - sanity checks for state space passed
  - probability of valid states: 0.145
  - average length of a valid motion: 29.1149
  - average number of samples drawn per second: sampleUniform()=9.9953e+06 sampleUniformNear()=6.13964e+06 sampleGaussian()=2.62216e+06
Settings for the state space 'SE2CompoundSpace0'
  - state validity check resolution: 1%
  - valid segment count factor: 1
  - state space:
Compound state space 'SE2CompoundSpace0' of dimension 3 (locked) [
Real vector state space 'RealVectorSpace1' of dimension 2 with bounds: 
  - min: 0 0 
  - max: 512 512 
 of weight 1
SO2 state space 'SO2Space2'
 of weight 0.5
]
Registered projections:
  - <default>
Projection of dimension 2
Cell sizes (computed defaults): [25.6 25.6]

Declared parameters:
longest_valid_segment_fraction = 0.01
projection.cellsize.0 = 25.600000000000001
projection.cellsize.1 = 25.600000000000001
projection.cellsize_factor = 
valid_segment_count_factor = 1
Valid state sampler named uniform with parameters:
nr_attempts = 100
Planner LBKPIECE1 specs:
Multithreaded:                 No
Reports approximate solutions: No
Can optimize solutions:        No
Aware of the following parameters: border_fraction min_valid_path_fraction range
Declared parameters for planner LBKPIECE1:
border_fraction = 0.90000000000000002
min_valid_path_fraction = 0.5
range = 145.12962805236393
Start states:
Compound state [
RealVectorState [65 420]
SO2State [0]
]
Goal state, threshold = 1e-06, memory address = 0x19170d8, state = 
Compound state [
RealVectorState [370 420]
SO2State [0]
]
Optimization Objective: Path Length @0x190ecf8
Optimization Threshold: 10000
Average state cost: 0
There are 0 solutions

Properties of benchmarked planners:
Planner EST specs:
Multithreaded:                 No
Reports approximate solutions: Yes
Can optimize solutions:        No
Aware of the following parameters: goal_bias range
Planner KPIECE1 specs:
Multithreaded:                 No
Reports approximate solutions: Yes
Can optimize solutions:        No
Aware of the following parameters: border_fraction failed_expansion_score_factor goal_bias min_valid_path_fraction range
Planner PRM specs:
Multithreaded:                 Yes
Reports approximate solutions: No
Can optimize solutions:        Yes
Aware of the following parameters: max_nearest_neighbors
Planner RRT specs:
Multithreaded:                 No
Reports approximate solutions: Yes
Can optimize solutions:        No
Aware of the following parameters: goal_bias range
|>>>
<<<|
Architecture:          x86_64
CPU op-mode(s):        32-bit, 64-bit
Byte Order:            Little Endian
CPU(s):                8
On-line CPU(s) list:   0-7
Thread(s) per core:    2
Core(s) per socket:    4
Socket(s):             1
NUMA node(s):          1
Vendor ID:             GenuineIntel
CPU family:            6
Model:                 58
Stepping:              9
CPU MHz:               1469.812
BogoMIPS:              5387.70
Virtualization:        VT-x
L1d cache:             32K
L1i cache:             32K
L2 cache:              256K
L3 cache:              6144K
NUMA node0 CPU(s):     0-7
|>>>
1102295779 is the random seed
300 seconds per run
8000 MB per run
10 runs per planner
3059.16 seconds spent to collect the data
1 enum type
status|Unknown status|Invalid start|Invalid goal|Unrecognized goal type|Timeout|Approximate solution|Exact solution|Crash|Unknown status
4 planners
geometric_EST
7 common properties
goal_bias = 0.5
longest_valid_segment_fraction = 0.01
projection.cellsize.0 = 25.600000000000001
projection.cellsize.1 = 25.600000000000001
projection.cellsize_factor = 
range = 145.12962805236393
valid_segment_count_factor = 1
22 properties for each run
approximate solution BOOLEAN
correct solution BOOLEAN
correct solution strict BOOLEAN
graph motions INTEGER
graph states INTEGER
memory REAL
simplification time REAL
simplified correct solution BOOLEAN
simplified correct solution strict BOOLEAN
simplified solution clearance REAL
simplified solution length REAL
simplified solution segments INTEGER
simplified solution smoothness REAL
solution clearance REAL
solution difference REAL
solution length REAL
solution segments INTEGER
solution smoothness REAL
solved BOOLEAN
status ENUM
time REAL
valid segment fraction REAL
10 runs
0; 1; 1; 435; 436; 19.042969; 0.011187; 1; 1; 8.962716; 1231.212146; 104; 0.274120; 8.378055; 0.000000; 2225.890205; 31; 0.021049; 1; 6; 0.466422; 0.026666; 
0; 1; 1; 863; 864; 19.042969; 0.007712; 1; 1; 8.134606; 908.382983; 72; 0.076993; 8.091333; 0.000000; 1232.513241; 18; 0.008812; 1; 6; 1.595024; 0.015047; 
0; 1; 1; 859; 860; 19.441406; 0.008591; 1; 1; 8.734138; 1029.312322; 64; 0.057201; 9.042424; 0.000000; 1938.382910; 27; 0.017792; 1; 6; 1.563334; 0.014657; 
0; 1; 1; 580; 581; 19.441406; 0.008797; 1; 1; 9.713387; 1021.711318; 92; 0.244230; 9.113787; 0.000000; 1975.404544; 27; 0.017296; 1; 6; 0.605385; 0.024937; 
0; 1; 1; 955; 956; 19.441406; 0.009760; 1; 1; 8.480099; 945.842621; 72; 0.038422; 10.312675; 0.000000; 1455.958071; 23; 0.024524; 1; 6; 2.050535; 0.013559; 
0; 1; 1; 1089; 1090; 19.699219; 0.009170; 1; 1; 8.676249; 1137.870070; 80; 0.571503; 8.123474; 0.000000; 1832.749114; 28; 0.026497; 1; 6; 2.671924; 0.011611; 
0; 1; 1; 1296; 1297; 19.820312; 0.010227; 1; 1; 8.949033; 1049.894411; 80; 0.151863; 8.259557; 0.000000; 1897.877859; 34; 0.041660; 1; 6; 3.716698; 0.010371; 
0; 1; 1; 898; 899; 19.820312; 0.009726; 1; 1; 7.746734; 1002.139151; 84; 0.063368; 9.066829; 0.000000; 1781.540774; 28; 0.020286; 1; 6; 2.749167; 0.009994; 
0; 1; 1; 1985; 1986; 19.820312; 0.009503; 1; 1; 9.382099; 1274.103832; 136; 0.990712; 8.522182; 0.000000; 1921.811000; 27; 0.014357; 1; 6; 9.461128; 0.007053; 
0; 1; 1; 1468; 1469; 20.386719; 0.010134; 1; 1; 9.325966; 1237.739655; 84; 0.551106; 8.170175; 0.000000; 1951.925777; 27; 0.022699; 1; 6; 5.311138; 0.008445; 
.
geometric_KPIECE1
10 common properties
border_fraction = 0.90000000000000002
failed_expansion_score_factor = 0.5
goal_bias = 0.050000000000000003
longest_valid_segment_fraction = 0.01
min_valid_path_fraction = 0.20000000000000001
projection.cellsize.0 = 25.600000000000001
projection.cellsize.1 = 25.600000000000001
projection.cellsize_factor = 
range = 145.12962805236393
valid_segment_count_factor = 1
22 properties for each run
approximate solution BOOLEAN
correct solution BOOLEAN
correct solution strict BOOLEAN
graph motions INTEGER
graph states INTEGER
memory REAL
simplification time REAL
simplified correct solution BOOLEAN
simplified correct solution strict BOOLEAN
simplified solution clearance REAL
simplified solution length REAL
simplified solution segments INTEGER
simplified solution smoothness REAL
solution clearance REAL
solution difference REAL
solution length REAL
solution segments INTEGER
solution smoothness REAL
solved BOOLEAN
status ENUM
time REAL
valid segment fraction REAL
10 runs
0; 1; 1; 5074; 5075; 20.640625; 0.007589; 1; 1; 6.686558; 927.873812; 56; 0.101704; 2.815841; 0.000000; 2330.424079; 54; 0.157775; 1; 6; 0.484735; 0.075087; 
0; 1; 1; 3547; 3548; 21.968750; 0.010893; 1; 1; 6.536475; 862.062155; 68; 0.110223; 4.262566; 0.000000; 2398.526614; 59; 0.222035; 1; 6; 0.344088; 0.067533; 
0; 1; 1; 2414; 2415; 21.968750; 0.011772; 1; 1; 8.285850; 1038.053972; 88; 2.601264; 3.037688; 0.000000; 2509.564264; 64; 0.558279; 1; 6; 0.233063; 0.072925; 
0; 1; 1; 4298; 4299; 21.968750; 0.012772; 1; 1; 8.341155; 1249.866210; 96; 0.224467; 5.712008; 0.000000; 3108.679311; 64; 0.181866; 1; 6; 0.401278; 0.085106; 
0; 1; 1; 5573; 5574; 21.968750; 0.010624; 1; 1; 8.960532; 1065.634167; 72; 0.186306; 3.839099; 0.000000; 2405.609684; 59; 0.200117; 1; 6; 0.542865; 0.067784; 
0; 1; 1; 5369; 5370; 22.480469; 0.010134; 1; 1; 8.347172; 1077.743918; 68; 0.179727; 3.089543; 0.000000; 3421.346738; 88; 0.332429; 1; 6; 0.513475; 0.072358; 
0; 1; 1; 6279; 6280; 22.480469; 0.012539; 1; 1; 9.331202; 1107.043775; 100; 0.588579; 3.277815; 0.000000; 3369.409745; 82; 0.598226; 1; 6; 0.625729; 0.060538; 
0; 1; 1; 6699; 6700; 22.738281; 0.013157; 1; 1; 7.018419; 1111.695068; 144; 0.257522; 3.045697; 0.000000; 2335.792810; 60; 0.300571; 1; 6; 0.645793; 0.070636; 
0; 1; 1; 1800; 1801; 22.996094; 0.017295; 0; 0; 8.664145; 1227.119343; 100; 0.590882; 3.129624; 0.000000; 2366.062414; 65; 0.361759; 1; 6; 0.169675; 0.067074; 
0; 1; 1; 1134; 1135; 22.996094; 0.008570; 1; 1; 7.905953; 1068.431500; 96; 0.957799; 4.990476; 0.000000; 2266.751190; 40; 0.067638; 1; 6; 0.108065; 0.081020; 
.
geometric_PRM
6 common properties
longest_valid_segment_fraction = 0.01
max_nearest_neighbors = 
projection.cellsize.0 = 25.600000000000001
projection.cellsize.1 = 25.600000000000001
projection.cellsize_factor = 
valid_segment_count_factor = 1
26 properties for each run
approximate solution BOOLEAN
best cost REAL
correct solution BOOLEAN
correct solution strict BOOLEAN
edge count INTEGER
graph motions INTEGER
graph states INTEGER
iterations INTEGER
memory REAL
milestone count INTEGER
simplification time REAL
simplified correct solution BOOLEAN
simplified correct solution strict BOOLEAN
simplified solution clearance REAL
simplified solution length REAL
simplified solution segments INTEGER
simplified solution smoothness REAL
solution clearance REAL
solution difference REAL
solution length REAL
solution segments INTEGER
solution smoothness REAL
solved BOOLEAN
status ENUM
time REAL
valid segment fraction REAL
10 runs
0; 1026.889232; 1; 1; 5883; 11766; 1103; 969; 23.308594; 1105; 0.007162; 1; 1; 9.539193; 929.734150; 72; 0.298060; 8.155644; 0.000000; 1026.889232; 35; 0.051839; 1; 6; 0.439269; 0.563555; 
0; 1078.176257; 1; 1; 4332; 8664; 719; 718; 23.308594; 720; 0.009522; 1; 1; 8.857738; 1021.988214; 46; 0.020916; 9.291873; 0.000000; 1078.176257; 26; 0.005236; 1; 6; 0.345481; 0.606298; 
0; 869.123593; 1; 1; 4845; 9690; 812; 812; 23.308594; 814; 0.007136; 1; 1; 7.458270; 847.195344; 96; 0.675806; 8.832994; 0.000000; 869.123593; 27; 0.020850; 1; 6; 0.369078; 0.599258; 
0; 1061.513507; 1; 1; 6563; 13126; 1296; 1053; 23.312500; 1299; 0.008839; 1; 1; 8.600092; 1039.368541; 72; 0.114840; 8.251100; 0.000000; 1061.513507; 37; 0.022814; 1; 6; 0.465995; 0.557829; 
0; 873.107912; 1; 1; 15373; 30746; 3089; 2240; 23.464844; 3100; 0.008187; 1; 1; 8.168000; 856.216839; 54; 0.033606; 5.621038; 0.000000; 873.107912; 32; 0.033631; 1; 6; 1.046159; 0.564616; 
0; 957.204084; 1; 1; 5458; 10916; 965; 919; 27.750000; 967; 0.009120; 1; 1; 7.244921; 862.892710; 84; 0.071351; 6.632014; 0.000000; 957.204084; 23; 0.062155; 1; 6; 0.413200; 0.581446; 
0; 886.669053; 1; 1; 17596; 35192; 3746; 2583; 27.750000; 3749; 0.010550; 1; 1; 6.114056; 838.006362; 92; 0.158986; 4.332531; 0.000000; 886.669053; 46; 0.667360; 1; 6; 1.129524; 0.539686; 
0; 1018.540272; 1; 1; 7653; 15306; 1714; 1199; 29.031250; 1716; 0.006449; 1; 1; 6.177300; 845.710367; 60; 0.041190; 5.412208; 0.000000; 1018.540272; 38; 0.413348; 1; 6; 0.548879; 0.512639; 
0; 885.347894; 1; 1; 12986; 25972; 2642; 1971; 29.027344; 2653; 0.008901; 1; 1; 4.935493; 832.686056; 72; 0.438468; 4.606286; 0.000000; 885.347894; 38; 0.118890; 1; 6; 0.871291; 0.548760; 
0; 912.573971; 1; 1; 6440; 12880; 1226; 1009; 29.031250; 1229; 0.010066; 1; 1; 7.868667; 889.408996; 92; 0.127597; 8.118081; 0.000000; 912.573971; 27; 0.010825; 1; 6; 0.464095; 0.569646; 
5 progress properties for each run
best cost REAL
edge count INTEGER
iterations INTEGER
milestone count INTEGER
time REAL
10 runs




inf,6905,1064,1382,0.500058,;inf,14615,2147,2871,1.000268,;

inf,7258,1142,1541,0.500057,;inf,15268,2285,3048,1.000352,;
inf,6856,1099,1441,0.500057,;
inf,7142,1143,1500,0.500058,;

.
geometric_RRT
7 common properties
goal_bias = 0.050000000000000003
longest_valid_segment_fraction = 0.01
projection.cellsize.0 = 25.600000000000001
projection.cellsize.1 = 25.600000000000001
projection.cellsize_factor = 
range = 145.12962805236393
valid_segment_count_factor = 1
22 properties for each run
approximate solution BOOLEAN
correct solution BOOLEAN
correct solution strict BOOLEAN
graph motions INTEGER
graph states INTEGER
memory REAL
simplification time REAL
simplified correct solution BOOLEAN
simplified correct solution strict BOOLEAN
simplified solution clearance REAL
simplified solution length REAL
simplified solution segments INTEGER
simplified solution smoothness REAL
solution clearance REAL
solution difference REAL
solution length REAL
solution segments INTEGER
solution smoothness REAL
solved BOOLEAN
status ENUM
time REAL
valid segment fraction REAL
10 runs
1; 1; 1; 588941; 588942; 150.718750; 0.002007; 1; 1; 12.238753; 193.901834; 36; 0.288122; 4.208601; 158.793851; 379.061390; 13; 1.965368; 0; 5; 300.014286; 0.024495; 
1; 1; 1; 1297113; 1297114; 301.656250; 0.008919; 1; 1; 8.566231; 1019.238029; 76; 0.115495; 8.381563; 0.918635; 1359.900671; 37; 8.543557; 0; 5; 300.050026; 0.115203; 
1; 1; 1; 570767; 570768; 621.394531; 0.001043; 1; 1; 8.546080; 154.133396; 24; 0.015605; 4.025392; 158.628601; 239.313750; 10; 2.299422; 0; 5; 300.001589; 0.024511; 
1; 1; 1; 568373; 568374; 621.394531; 0.003085; 1; 1; 5.214421; 184.892899; 52; 1.150137; 7.898719; 158.605857; 317.147624; 13; 2.616301; 0; 5; 300.009045; 0.024578; 
1; 1; 1; 558315; 558316; 621.394531; 0.004814; 1; 1; 5.347971; 449.770327; 64; 0.669407; 5.381430; 159.250499; 612.256015; 34; 5.413890; 0; 5; 300.092100; 0.024396; 
1; 1; 1; 568768; 568769; 621.394531; 0.003504; 1; 1; 7.161527; 183.620437; 36; 0.093834; 5.537180; 158.323422; 417.064030; 16; 2.036994; 0; 5; 300.010597; 0.024302; 
1; 1; 1; 559137; 559138; 621.394531; 0.001368; 1; 1; 6.391858; 153.049953; 40; 0.005462; 4.841998; 159.184146; 252.273644; 13; 3.936248; 0; 5; 300.023242; 0.023946; 
1; 1; 1; 609936; 609937; 621.394531; 0.005152; 1; 1; 6.670887; 419.119821; 72; 1.231232; 4.394592; 62.570177; 593.787211; 34; 10.728450; 0; 5; 300.038363; 0.026881; 
1; 1; 1; 612501; 612502; 621.394531; 0.002760; 1; 1; 5.619004; 180.082985; 40; 0.382350; 7.064143; 158.755668; 355.922857; 14; 0.873926; 0; 5; 300.099762; 0.024389; 
1; 1; 1; 608537; 608538; 623.371094; 0.001077; 1; 1; 8.184505; 154.882402; 16; 0.003590; 6.057995; 158.914751; 218.808256; 13; 1.554020; 0; 5; 300.101233; 0.024378; 
.
