Build started 3/28/2013 3:12:06 PM.
     1>Project "E:\My Documents\Visual Studio 2010\Projects\K_3\K_3\K_3.vcxproj" on node 2 (build target(s)).
     1>InitializeBuildStatus:
         Creating "Debug\K_3.unsuccessfulbuild" because "AlwaysCreate" was specified.
       ClCompile:
         C:\Program Files (x86)\Microsoft Visual Studio 10.0\VC\bin\CL.exe /c /ZI /nologo /W3 /WX- /Od /Oy- /D _MBCS /Gm /EHsc /RTC1 /MDd /GS /fp:precise /Zc:wchar_t /Zc:forScope /Fo"Debug\\" /Fd"Debug\vc100.pdb" /Gd /TP /analyze- /errorReport:prompt Draw.cpp
         Draw.cpp
     1>e:\my documents\visual studio 2010\projects\k_3\k_3\draw.cpp(236): warning C4018: '<' : signed/unsigned mismatch
       Link:
         C:\Program Files (x86)\Microsoft Visual Studio 10.0\VC\bin\link.exe /ERRORREPORT:PROMPT /OUT:"E:\My Documents\Visual Studio 2010\Projects\K_3\Debug\K_3.exe" /NOLOGO kernel32.lib user32.lib gdi32.lib winspool.lib comdlg32.lib advapi32.lib shell32.lib ole32.lib oleaut32.lib uuid.lib odbc32.lib odbccp32.lib /MANIFEST /ManifestFile:"Debug\K_3.exe.intermediate.manifest" /MANIFESTUAC:"level='asInvoker' uiAccess='false'" /DEBUG /PDB:"E:\My Documents\Visual Studio 2010\Projects\K_3\Debug\K_3.pdb" /TLBID:1 /DYNAMICBASE /NXCOMPAT /IMPLIB:"E:\My Documents\Visual Studio 2010\Projects\K_3\Debug\K_3.lib" /MACHINE:X86 Debug\Draw.obj
         LINK : E:\My Documents\Visual Studio 2010\Projects\K_3\Debug\K_3.exe not found or not built by the last incremental link; performing full link
         K_3.vcxproj -> E:\My Documents\Visual Studio 2010\Projects\K_3\Debug\K_3.exe
       Manifest:
         C:\Program Files (x86)\Microsoft SDKs\Windows\v7.0A\bin\mt.exe /nologo /verbose /outputresource:"E:\My Documents\Visual Studio 2010\Projects\K_3\Debug\K_3.exe;#1" /manifest Debug\K_3.exe.intermediate.manifest
       FinalizeBuildStatus:
         Deleting file "Debug\K_3.unsuccessfulbuild".
         Touching "Debug\K_3.lastbuildstate".
     1>Done Building Project "E:\My Documents\Visual Studio 2010\Projects\K_3\K_3\K_3.vcxproj" (build target(s)).

Build succeeded.

Time Elapsed 00:00:02.06
