The path is the line segments connecting the following points: 
-2.5 -2.5 -2.5    1    0    0    0
-2.625 -2.625 -2.625      1      0      0      0
-2.625 -2.625 -2.875      1      0      0      0
-2.375 -2.625 -2.875      1      0      0      0
-2.125 -2.625 -2.875      1      0      0      0
-1.875 -2.625 -2.875      1      0      0      0
-1.75 -2.75 -3.25     1     0     0     0
-1.75 -2.25 -3.25     1     0     0     0
-1.75 -1.75 -3.25     1     0     0     0
-1.25 -1.75 -3.25     1     0     0     0
-1.25 -1.25 -3.25     1     0     0     0
-1.25 -0.75 -3.25     1     0     0     0
-1.25 -0.25 -3.25     1     0     0     0
-1.25 -0.25 -2.75     1     0     0     0
-1.375 -0.125 -2.375      1      0      0      0
-1.3125 -0.0625 -2.1875       1       0       0       0
-1.28125 -0.09375 -2.09375        1        0        0        0
-1.28125 -0.09375 -2.03125        1        0        0        0
-1.28125 -0.09375 -1.96875        1     -0.5      0.5      0.5
-1.28125 -0.09375 -1.90625        1     -0.5      0.5      0.5
-1.28125 -0.09375 -1.84375        1     -0.5      0.5      0.5
-1.34375 -0.09375 -1.84375        1     -0.5      0.5      0.5
-1.40625 -0.09375 -1.84375        1     -0.5      0.5      0.5
-1.40625 -0.09375 -1.78125        1    -0.75     0.75     0.25
-1.40625 -0.09375 -1.71875        1    -0.75     0.75     0.25
-1.40625 -0.09375 -1.65625        1    -0.75     0.75     0.25
-1.40625 -0.09375 -1.59375        1    -0.75     0.75     0.25
-1.40625 -0.09375 -1.59375     0.75    -0.75        1     0.25
-1.40625 -0.09375 -1.59375    0.625   -0.875        1    0.625
-1.40625 -0.09375 -1.59375    0.875        1   -0.875    0.875
-1.40625 -0.09375 -1.59375        1    0.875   -0.875    0.875
-1.40625 -0.09375 -1.53125        1    0.875   -0.875    0.875
-1.40625 -0.09375 -1.53125        1    0.875   -0.625    0.875
-1.40625 -0.09375 -1.53125        1    0.875   -0.625    0.625
-1.40625 -0.09375 -1.53125        1    0.875   -0.375    0.625
-1.40625 -0.09375 -1.53125        1    0.875   -0.375    0.375
-1.40625 -0.09375 -1.46875        1    0.875   -0.375    0.375
-1.40625 -0.09375 -1.40625        1    0.875   -0.375    0.375
-1.40625 -0.09375 -1.34375        1    0.875   -0.375    0.375
-1.40625 -0.09375 -1.28125        1    0.875   -0.375    0.375
-1.46875 -0.09375 -1.28125        1    0.875   -0.375    0.375
-1.46875 -0.09375 -1.21875        1    0.875   -0.375    0.375
-1.46875 -0.09375 -1.15625        1    0.875   -0.375    0.375
-1.46875 -0.09375 -1.09375        1    0.875   -0.375    0.375
-1.40625 -0.09375 -1.09375        1    0.875   -0.375    0.375
-1.40625 -0.09375 -1.09375        1    0.875   -0.375    0.625
-1.40625 -0.09375 -1.03125        1    0.875   -0.375    0.625
-1.40625 -0.09375 -0.96875        1    0.875   -0.375    0.625
-1.40625 -0.09375 -0.90625        1    0.875   -0.375    0.625
-1.40625 -0.03125 -0.90625        1   0.9375  -0.4375   0.6875
-1.40625 -0.03125 -0.90625        1    0.875   -0.625    0.625
-1.40625 -0.03125 -0.84375        1    0.875   -0.625    0.625
-1.46875 -0.03125 -0.84375        1    0.875   -0.625    0.625
-1.46875 -0.03125 -0.84375        1   0.8125  -0.6875   0.4375
-1.46875 -0.03125 -0.84375        1   0.8125  -0.8125   0.4375
-1.46875 -0.03125 -0.78125        1   0.8125  -0.8125   0.4375
-1.46875 -0.03125 -0.71875        1   0.8125  -0.8125   0.4375
-1.46875 -0.03125 -0.65625        1   0.8125  -0.8125   0.4375
-1.46875 -0.03125 -0.65625        1   0.8125  -0.6875   0.4375
-1.46875 -0.03125 -0.65625        1   0.8125  -0.5625   0.4375
-1.46875 -0.03125 -0.65625        1    0.875   -0.375    0.375
-1.46875 -0.03125 -0.59375        1    0.875   -0.375    0.375
-1.46875 -0.03125 -0.53125        1    0.875   -0.375    0.375
-1.46875 -0.03125 -0.46875        1    0.875   -0.375    0.375
-1.46875 -0.03125 -0.40625        1    0.875   -0.375    0.375
-1.46875 -0.03125 -0.34375        1    0.875   -0.375    0.375
-1.46875 -0.09375 -0.34375        1    0.875   -0.375    0.375
-1.40625 -0.09375 -0.34375        1    0.875   -0.375    0.375
-1.40625 -0.09375 -0.34375        1    0.875   -0.375    0.625
-1.40625 -0.09375 -0.28125        1    0.875   -0.375    0.625
-1.40625 -0.09375 -0.21875        1    0.875   -0.375    0.625
-1.40625 -0.09375 -0.15625        1    0.875   -0.375    0.625
-1.40625 -0.09375 -0.09375        1    0.875   -0.375    0.625
-1.40625 -0.09375 -0.09375        1    0.875   -0.625    0.625
-1.40625 -0.03125 -0.09375        1    0.875   -0.625    0.625
-1.46875 -0.03125 -0.09375        1    0.875   -0.625    0.625
-1.46875 -0.03125 -0.09375        1   0.9375  -0.6875   0.4375
-1.46875 -0.03125 -0.09375        1   0.9375  -0.8125   0.4375
-1.46875 -0.03125 -0.03125        1   0.9375  -0.8125   0.4375
-1.46875 -0.03125  0.03125        1   0.9375  -0.8125   0.4375
-1.46875 -0.03125  0.09375        1   0.9375  -0.8125   0.4375
-1.46875 -0.03125  0.15625        1   0.9375  -0.8125   0.4375
-1.46875 -0.03125  0.15625        1    0.875   -0.875    0.625
-1.40625 -0.03125  0.15625        1    0.875   -0.875    0.625
-1.40625 -0.03125  0.15625        1    0.875   -0.875    0.875
-1.40625 -0.03125  0.15625        1    0.625   -0.875    0.875
-1.40625 -0.03125  0.15625        1  0.46875 -0.96875  0.90625
-1.40625 -0.03125  0.21875        1   0.4375  -0.9375   0.9375
-1.46875 -0.03125  0.21875        1   0.4375  -0.9375   0.9375
-1.53125 -0.03125  0.21875        1   0.4375  -0.9375   0.9375
-1.59375 -0.03125  0.21875        1   0.4375  -0.9375   0.9375
-1.59375 -0.03125  0.21875        1    0.625   -0.875    0.875
-1.59375 -0.09375  0.21875        1    0.625   -0.875    0.875
-1.59375 -0.09375  0.21875        1    0.875   -0.875    0.875
-1.59375 -0.09375  0.21875        1    0.875   -0.875    0.625
-1.59375 -0.09375  0.21875        1    0.875   -0.625    0.625
-1.59375 -0.09375  0.21875        1    0.875   -0.375    0.625
-1.59375 -0.09375  0.28125        1    0.875   -0.375    0.625
-1.59375 -0.09375  0.34375        1    0.875   -0.375    0.625
-1.59375 -0.09375  0.34375        1    0.875   -0.375    0.375
-1.59375 -0.09375  0.40625        1    0.875   -0.375    0.375
-1.59375 -0.09375  0.46875        1    0.875   -0.375    0.375
-1.59375 -0.09375  0.53125        1    0.875   -0.375    0.375
-1.59375 -0.09375  0.59375        1    0.875   -0.375    0.375
-1.59375 -0.09375  0.65625        1    0.875   -0.375    0.375
-1.59375 -0.09375  0.71875        1    0.875   -0.375    0.375
-1.59375 -0.09375  0.78125        1    0.875   -0.375    0.375
-1.59375 -0.09375  0.84375        1    0.875   -0.375    0.375
-1.59375 -0.09375  0.90625        1    0.875   -0.375    0.375
-1.59375 -0.09375  0.90625        1    0.625   -0.375    0.375
-1.59375 -0.09375  0.90625        1    0.625   -0.375    0.125
-1.59375 -0.09375  0.90625        1   0.4375  -0.4375   0.0625
-1.59375 -0.09375  0.96875        1    0.375   -0.375    0.125
-1.59375 -0.09375  1.03125        1    0.375   -0.375    0.125
-1.59375 -0.09375  1.09375        1    0.375   -0.375    0.125
-1.59375 -0.09375  1.09375        1    0.375   -0.375   -0.125
-1.59375 -0.09375  1.15625        1    0.375   -0.375   -0.125
-1.59375 -0.03125  1.15625        1    0.375   -0.375   -0.125
-1.53125 -0.03125  1.15625        1    0.375   -0.375   -0.125
-1.53125 -0.03125  1.15625        1    0.625   -0.375   -0.125
-1.53125 -0.03125  1.15625        1     0.75    -0.75    -0.25
-1.53125 -0.03125  1.21875        1     0.75    -0.75    -0.25
-1.53125  0.03125  1.21875        1     0.75    -0.75    -0.25
-1.53125  0.09375  1.21875        1     0.75    -0.75    -0.25
-1.53125  0.15625  1.21875        1     0.75    -0.75    -0.25
-1.53125  0.15625  1.21875        1     0.75    -0.75     0.25
-1.53125  0.15625  1.28125        1     0.75    -0.75     0.25
-1.53125  0.15625  1.34375        1     0.75    -0.75     0.25
-1.53125  0.15625  1.40625        1     0.75    -0.75     0.25
-1.53125  0.15625  1.40625        1     0.75    -0.25     0.25
-1.53125  0.15625  1.40625        1     0.75    -0.25     0.75
-1.53125  0.15625  1.40625        1     0.75     0.25     0.75
-1.53125  0.15625  1.46875        1     0.75     0.25     0.75
-1.53125  0.15625  1.53125        1     0.75     0.25     0.75
-1.53125  0.15625  1.59375        1     0.75     0.25     0.75
-1.59375  0.15625  1.59375        1     0.75     0.25     0.75
-1.65625  0.15625  1.59375        1     0.75     0.25     0.75
-1.65625  0.15625  1.65625        1     0.75     0.25     0.75
-1.65625  0.15625  1.65625        1     0.75    -0.25     0.75
-1.65625  0.15625  1.65625        1     0.75    -0.25     0.25
-1.65625  0.15625  1.65625        1     0.75    -0.25    -0.25
-1.65625  0.15625  1.71875        1     0.75    -0.25    -0.25
-1.65625  0.15625  1.78125        1     0.75    -0.25    -0.25
-1.65625  0.21875  1.78125        1      0.5     -0.5     -0.5
-1.65625  0.28125  1.78125        1      0.5     -0.5     -0.5
-1.65625  0.28125  1.84375        1      0.5     -0.5     -0.5
-1.65625  0.28125  1.90625        1      0.5     -0.5     -0.5
-1.65625  0.28125  1.96875        1      0.5     -0.5     -0.5
-1.65625  0.28125  2.03125        1        0        0        0
-1.65625  0.28125  2.09375        1        0        0        0
-1.6875  0.3125  2.1875       1       0       0       0
-1.625  0.375  2.375      1      0      0      0
-1.75  0.25  2.75     1     0     0     0
-1.25  0.25  2.75     1     0     0     0
-0.75  0.25  2.75     1     0     0     0
-0.75  0.25  3.25     1     0     0     0
-0.75  0.75  3.25     1     0     0     0
-0.75  1.25  3.25     1     0     0     0
-0.75  1.75  3.25     1     0     0     0
-0.25  1.75  3.25     1     0     0     0
0.25 1.75 3.25    1    0    0    0
0.75 1.75 3.25    1    0    0    0
1.25 1.75 3.25    1    0    0    0
1.75 1.75 3.25    1    0    0    0
1.875 1.875 2.875     1     0     0     0
1.875 2.125 2.875     1     0     0     0
2.125 2.125 2.875     1     0     0     0
2.125 2.125 2.625     1     0     0     0
2.375 2.125 2.625     1     0     0     0
2.375 2.375 2.625     1     0     0     0
2.4375 2.4375 2.4375      1      0      0      0
2.5 2.5 2.5   1   0   0   0

Find path total time: 1038.13s.
